// Jest Snapshot v1, https://goo.gl/fbAQLP

exports[`it should render ExpenseDashboard 1`] = `
<div>
  <h1>
    Expense Dashboard
  </h1>
  <Connect(ExpenseFilter) />
  <Connect(ExpenseList) />
</div>
`;
