// Jest Snapshot v1, https://goo.gl/fbAQLP

exports[`ExpenseList must render list of expenses provided 1`] = `
<div>
  <ExpenseItem
    amount={21000}
    createdAt={-345600000}
    description="Rent"
    id={1}
    key="0"
    note=""
  />
  <ExpenseItem
    amount={2500}
    createdAt={0}
    description="Water Bill"
    id={2}
    key="1"
    note=""
  />
  <ExpenseItem
    amount={3500}
    createdAt={345600000}
    description="BESCOM Bill"
    id={3}
    key="2"
    note=""
  />
</div>
`;

exports[`should render No expenses when empty list is passed 1`] = `
<div>
  <p>
    No expenses
  </p>
</div>
`;
