// Jest Snapshot v1, https://goo.gl/fbAQLP

exports[`it should render an expense item 1`] = `
<div>
  <Link
    to="/edit/1"
  >
    <h3>
      Rent
    </h3>
  </Link>
  <div>
    <p>
      21000
       Paid at 
      -345600000
    </p>
  </div>
</div>
`;
